Flow report for count18O
Fri Apr 03 22:15:10 2026
Quartus II 64-Bit Version 13.1.0 Build 162 10/23/2013 SJ Web Edition


---------------------
; Table of Contents ;
---------------------
  1. Legal Notice
  2. Flow Summary
  3. Flow Settings
  4. Flow Non-Default Global Settings
  5. Flow Elapsed Time
  6. Flow OS Summary
  7. Flow Log
  8. Flow Messages
  9. Flow Suppressed Messages



----------------
; Legal Notice ;
----------------
Copyright (C) 1991-2013 Altera Corporation
Your use of Altera Corporation's design tools, logic functions 
and other software and tools, and its AMPP partner logic 
functions, and any output files from any of the foregoing 
(including device programming or simulation files), and any 
associated documentation or information are expressly subject 
to the terms and conditions of the Altera Program License 
Subscription Agreement, Altera MegaCore Function License 
Agreement, or other applicable license agreement, including, 
without limitation, that your use is for the sole purpose of 
programming logic devices manufactured by Altera and sold by 
Altera or its authorized distributors.  Please refer to the 
applicable agreement for further details.



+---------------------------------------------------------------------------------+
; Flow Summary                                                                    ;
+------------------------------------+--------------------------------------------+
; Flow Status                        ; Successful - Fri Apr 03 22:15:10 2026      ;
; Quartus II 64-Bit Version          ; 13.1.0 Build 162 10/23/2013 SJ Web Edition ;
; Revision Name                      ; count18O                                   ;
; Top-level Entity Name              ; count18O                                   ;
; Family                             ; Cyclone III                                ;
; Device                             ; EP3C16F484C6                               ;
; Timing Models                      ; Final                                      ;
; Total logic elements               ; 30 / 15,408 ( < 1 % )                      ;
;     Total combinational functions  ; 30 / 15,408 ( < 1 % )                      ;
;     Dedicated logic registers      ; 8 / 15,408 ( < 1 % )                       ;
; Total registers                    ; 8                                          ;
; Total pins                         ; 11 / 347 ( 3 % )                           ;
; Total virtual pins                 ; 0                                          ;
; Total memory bits                  ; 0 / 516,096 ( 0 % )                        ;
; Embedded Multiplier 9-bit elements ; 0 / 112 ( 0 % )                            ;
; Total PLLs                         ; 0 / 4 ( 0 % )                              ;
+------------------------------------+--------------------------------------------+


+-----------------------------------------+
; Flow Settings                           ;
+-------------------+---------------------+
; Option            ; Setting             ;
+-------------------+---------------------+
; Start date & time ; 04/03/2026 22:02:14 ;
; Main task         ; Compilation         ;
; Revision Name     ; count18O            ;
+-------------------+---------------------+


+---------------------------------------------------------------------------------------------------------------------------+
; Flow Non-Default Global Settings                                                                                          ;
+-------------------------------------+--------------------------------------+---------------+-------------+----------------+
; Assignment Name                     ; Value                                ; Default Value ; Entity Name ; Section Id     ;
+-------------------------------------+--------------------------------------+---------------+-------------+----------------+
; COMPILER_SIGNATURE_ID               ; 9447191229645.177527173420692        ; --            ; --          ; --             ;
; EDA_GENERATE_FUNCTIONAL_NETLIST     ; On                                   ; --            ; --          ; eda_simulation ;
; EDA_NETLIST_WRITER_OUTPUT_DIR       ; D:/Quartus/count18O/simulation/qsim/ ; --            ; --          ; eda_simulation ;
; EDA_OUTPUT_DATA_FORMAT              ; Verilog Hdl                          ; --            ; --          ; eda_simulation ;
; EDA_SIMULATION_TOOL                 ; ModelSim-Altera (Verilog)            ; <None>        ; --          ; --             ;
; MAX_CORE_JUNCTION_TEMP              ; 85                                   ; --            ; --          ; --             ;
; MIN_CORE_JUNCTION_TEMP              ; 0                                    ; --            ; --          ; --             ;
; NOMINAL_CORE_SUPPLY_VOLTAGE         ; 1.2V                                 ; --            ; --          ; --             ;
; PARTITION_COLOR                     ; 16764057                             ; --            ; --          ; Top            ;
; PARTITION_FITTER_PRESERVATION_LEVEL ; PLACEMENT_AND_ROUTING                ; --            ; --          ; Top            ;
; PARTITION_NETLIST_TYPE              ; SOURCE                               ; --            ; --          ; Top            ;
; PROJECT_OUTPUT_DIRECTORY            ; output_files                         ; --            ; --          ; --             ;
+-------------------------------------+--------------------------------------+---------------+-------------+----------------+


+-------------------------------------------------------------------------------------------------------------------------------+
; Flow Elapsed Time                                                                                                             ;
+---------------------------+--------------+-------------------------+---------------------+------------------------------------+
; Module Name               ; Elapsed Time ; Average Processors Used ; Peak Virtual Memory ; Total CPU Time (on all processors) ;
+---------------------------+--------------+-------------------------+---------------------+------------------------------------+
; Analysis & Synthesis      ; 00:00:01     ; 1.0                     ; 4695 MB             ; 00:00:01                           ;
; Fitter                    ; 00:00:04     ; 1.8                     ; 5349 MB             ; 00:00:05                           ;
; Assembler                 ; 00:00:01     ; 1.0                     ; 4605 MB             ; 00:00:01                           ;
; TimeQuest Timing Analyzer ; 00:00:01     ; 1.0                     ; 4694 MB             ; 00:00:01                           ;
; EDA Netlist Writer        ; 00:00:01     ; 1.0                     ; 4557 MB             ; 00:00:00                           ;
; EDA Netlist Writer        ; 00:00:00     ; 1.0                     ; 4568 MB             ; 00:00:00                           ;
; EDA Netlist Writer        ; 00:00:00     ; 1.0                     ; 4568 MB             ; 00:00:00                           ;
; EDA Netlist Writer        ; 00:00:01     ; 1.0                     ; 4568 MB             ; 00:00:01                           ;
; EDA Netlist Writer        ; 00:00:00     ; 1.0                     ; 4568 MB             ; 00:00:00                           ;
; EDA Netlist Writer        ; 00:00:01     ; 1.0                     ; 4569 MB             ; 00:00:00                           ;
; EDA Netlist Writer        ; 00:00:01     ; 1.0                     ; 4568 MB             ; 00:00:00                           ;
; Total                     ; 00:00:11     ; --                      ; --                  ; 00:00:09                           ;
+---------------------------+--------------+-------------------------+---------------------+------------------------------------+


+----------------------------------------------------------------------------------------+
; Flow OS Summary                                                                        ;
+---------------------------+------------------+-----------+------------+----------------+
; Module Name               ; Machine Hostname ; OS Name   ; OS Version ; Processor type ;
+---------------------------+------------------+-----------+------------+----------------+
; Analysis & Synthesis      ; DESKALEMAI       ; Windows 7 ; 6.2        ; x86_64         ;
; Fitter                    ; DESKALEMAI       ; Windows 7 ; 6.2        ; x86_64         ;
; Assembler                 ; DESKALEMAI       ; Windows 7 ; 6.2        ; x86_64         ;
; TimeQuest Timing Analyzer ; DESKALEMAI       ; Windows 7 ; 6.2        ; x86_64         ;
; EDA Netlist Writer        ; DESKALEMAI       ; Windows 7 ; 6.2        ; x86_64         ;
; EDA Netlist Writer        ; DESKALEMAI       ; Windows 7 ; 6.2        ; x86_64         ;
; EDA Netlist Writer        ; DESKALEMAI       ; Windows 7 ; 6.2        ; x86_64         ;
; EDA Netlist Writer        ; DESKALEMAI       ; Windows 7 ; 6.2        ; x86_64         ;
; EDA Netlist Writer        ; DESKALEMAI       ; Windows 7 ; 6.2        ; x86_64         ;
; EDA Netlist Writer        ; DESKALEMAI       ; Windows 7 ; 6.2        ; x86_64         ;
; EDA Netlist Writer        ; DESKALEMAI       ; Windows 7 ; 6.2        ; x86_64         ;
+---------------------------+------------------+-----------+------------+----------------+


------------
; Flow Log ;
------------
quartus_map --read_settings_files=on --write_settings_files=off count18O -c count18O
quartus_fit --read_settings_files=off --write_settings_files=off count18O -c count18O
quartus_asm --read_settings_files=off --write_settings_files=off count18O -c count18O
quartus_sta count18O -c count18O
quartus_eda --read_settings_files=off --write_settings_files=off count18O -c count18O
quartus_eda --gen_testbench --check_outputs=on --tool=modelsim_oem --format=verilog count18O -c count18O --vector_source=D:/Quartus/count18O/Waveform.vwf --testbench_file=D:/Quartus/count18O/simulation/qsim/Waveform.vwf.vt
quartus_eda --functional=on --flatten_buses=off --simulation=on --tool=modelsim_oem --format=verilog --output_directory=D:/Quartus/count18O/simulation/qsim/ count18O -c count18O
quartus_eda --gen_testbench --check_outputs=on --tool=modelsim_oem --format=verilog count18O -c count18O --vector_source=D:/Quartus/count18O/Waveform.vwf --testbench_file=D:/Quartus/count18O/simulation/qsim/Waveform.vwf.vt
quartus_eda --functional=on --flatten_buses=off --simulation=on --tool=modelsim_oem --format=verilog --output_directory=D:/Quartus/count18O/simulation/qsim/ count18O -c count18O
quartus_eda --gen_testbench --check_outputs=on --tool=modelsim_oem --format=verilog count18O -c count18O --vector_source=D:/Quartus/count18O/Waveform.vwf --testbench_file=D:/Quartus/count18O/simulation/qsim/Waveform.vwf.vt
quartus_eda --functional=on --flatten_buses=off --simulation=on --tool=modelsim_oem --format=verilog --output_directory=D:/Quartus/count18O/simulation/qsim/ count18O -c count18O



