Analysis & Synthesis report for top_cerradura
Mon Apr 06 17:26:13 2026
Quartus II 64-Bit Version 13.1.0 Build 162 10/23/2013 SJ Web Edition


---------------------
; Table of Contents ;
---------------------
  1. Legal Notice
  2. Analysis & Synthesis Summary
  3. Analysis & Synthesis Settings
  4. Parallel Compilation
  5. Analysis & Synthesis Source Files Read
  6. Analysis & Synthesis Resource Usage Summary
  7. Analysis & Synthesis Resource Utilization by Entity
  8. General Register Statistics
  9. Multiplexer Restructuring Statistics (Restructuring Performed)
 10. Parameter Settings for User Entity Instance: temporizador_open:U6
 11. Port Connectivity Checks: "divisorfrec:U2"
 12. Elapsed Time Per Partition
 13. Analysis & Synthesis Messages



----------------
; Legal Notice ;
----------------
Copyright (C) 1991-2013 Altera Corporation
Your use of Altera Corporation's design tools, logic functions 
and other software and tools, and its AMPP partner logic 
functions, and any output files from any of the foregoing 
(including device programming or simulation files), and any 
associated documentation or information are expressly subject 
to the terms and conditions of the Altera Program License 
Subscription Agreement, Altera MegaCore Function License 
Agreement, or other applicable license agreement, including, 
without limitation, that your use is for the sole purpose of 
programming logic devices manufactured by Altera and sold by 
Altera or its authorized distributors.  Please refer to the 
applicable agreement for further details.



+---------------------------------------------------------------------------------+
; Analysis & Synthesis Summary                                                    ;
+------------------------------------+--------------------------------------------+
; Analysis & Synthesis Status        ; Successful - Mon Apr 06 17:26:13 2026      ;
; Quartus II 64-Bit Version          ; 13.1.0 Build 162 10/23/2013 SJ Web Edition ;
; Revision Name                      ; top_cerradura                              ;
; Top-level Entity Name              ; top_cerradura                              ;
; Family                             ; Cyclone III                                ;
; Total logic elements               ; 143                                        ;
;     Total combinational functions  ; 127                                        ;
;     Dedicated logic registers      ; 56                                         ;
; Total registers                    ; 56                                         ;
; Total pins                         ; 45                                         ;
; Total virtual pins                 ; 0                                          ;
; Total memory bits                  ; 0                                          ;
; Embedded Multiplier 9-bit elements ; 0                                          ;
; Total PLLs                         ; 0                                          ;
+------------------------------------+--------------------------------------------+


+----------------------------------------------------------------------------------------------------------------------+
; Analysis & Synthesis Settings                                                                                        ;
+----------------------------------------------------------------------------+--------------------+--------------------+
; Option                                                                     ; Setting            ; Default Value      ;
+----------------------------------------------------------------------------+--------------------+--------------------+
; Device                                                                     ; EP3C16F484C6       ;                    ;
; Top-level entity name                                                      ; top_cerradura      ; top_cerradura      ;
; Family name                                                                ; Cyclone III        ; Cyclone IV GX      ;
; Use smart compilation                                                      ; Off                ; Off                ;
; Enable parallel Assembler and TimeQuest Timing Analyzer during compilation ; On                 ; On                 ;
; Enable compact report table                                                ; Off                ; Off                ;
; Restructure Multiplexers                                                   ; Auto               ; Auto               ;
; Create Debugging Nodes for IP Cores                                        ; Off                ; Off                ;
; Preserve fewer node names                                                  ; On                 ; On                 ;
; Disable OpenCore Plus hardware evaluation                                  ; Off                ; Off                ;
; Verilog Version                                                            ; Verilog_2001       ; Verilog_2001       ;
; VHDL Version                                                               ; VHDL_1993          ; VHDL_1993          ;
; State Machine Processing                                                   ; Auto               ; Auto               ;
; Safe State Machine                                                         ; Off                ; Off                ;
; Extract Verilog State Machines                                             ; On                 ; On                 ;
; Extract VHDL State Machines                                                ; On                 ; On                 ;
; Ignore Verilog initial constructs                                          ; Off                ; Off                ;
; Iteration limit for constant Verilog loops                                 ; 5000               ; 5000               ;
; Iteration limit for non-constant Verilog loops                             ; 250                ; 250                ;
; Add Pass-Through Logic to Inferred RAMs                                    ; On                 ; On                 ;
; Infer RAMs from Raw Logic                                                  ; On                 ; On                 ;
; Parallel Synthesis                                                         ; On                 ; On                 ;
; DSP Block Balancing                                                        ; Auto               ; Auto               ;
; NOT Gate Push-Back                                                         ; On                 ; On                 ;
; Power-Up Don't Care                                                        ; On                 ; On                 ;
; Remove Redundant Logic Cells                                               ; Off                ; Off                ;
; Remove Duplicate Registers                                                 ; On                 ; On                 ;
; Ignore CARRY Buffers                                                       ; Off                ; Off                ;
; Ignore CASCADE Buffers                                                     ; Off                ; Off                ;
; Ignore GLOBAL Buffers                                                      ; Off                ; Off                ;
; Ignore ROW GLOBAL Buffers                                                  ; Off                ; Off                ;
; Ignore LCELL Buffers                                                       ; Off                ; Off                ;
; Ignore SOFT Buffers                                                        ; On                 ; On                 ;
; Limit AHDL Integers to 32 Bits                                             ; Off                ; Off                ;
; Optimization Technique                                                     ; Balanced           ; Balanced           ;
; Carry Chain Length                                                         ; 70                 ; 70                 ;
; Auto Carry Chains                                                          ; On                 ; On                 ;
; Auto Open-Drain Pins                                                       ; On                 ; On                 ;
; Perform WYSIWYG Primitive Resynthesis                                      ; Off                ; Off                ;
; Auto ROM Replacement                                                       ; On                 ; On                 ;
; Auto RAM Replacement                                                       ; On                 ; On                 ;
; Auto DSP Block Replacement                                                 ; On                 ; On                 ;
; Auto Shift Register Replacement                                            ; Auto               ; Auto               ;
; Allow Shift Register Merging across Hierarchies                            ; Auto               ; Auto               ;
; Auto Clock Enable Replacement                                              ; On                 ; On                 ;
; Strict RAM Replacement                                                     ; Off                ; Off                ;
; Allow Synchronous Control Signals                                          ; On                 ; On                 ;
; Force Use of Synchronous Clear Signals                                     ; Off                ; Off                ;
; Auto RAM Block Balancing                                                   ; On                 ; On                 ;
; Auto RAM to Logic Cell Conversion                                          ; Off                ; Off                ;
; Auto Resource Sharing                                                      ; Off                ; Off                ;
; Allow Any RAM Size For Recognition                                         ; Off                ; Off                ;
; Allow Any ROM Size For Recognition                                         ; Off                ; Off                ;
; Allow Any Shift Register Size For Recognition                              ; Off                ; Off                ;
; Use LogicLock Constraints during Resource Balancing                        ; On                 ; On                 ;
; Ignore translate_off and synthesis_off directives                          ; Off                ; Off                ;
; Timing-Driven Synthesis                                                    ; On                 ; On                 ;
; Report Parameter Settings                                                  ; On                 ; On                 ;
; Report Source Assignments                                                  ; On                 ; On                 ;
; Report Connectivity Checks                                                 ; On                 ; On                 ;
; Ignore Maximum Fan-Out Assignments                                         ; Off                ; Off                ;
; Synchronization Register Chain Length                                      ; 2                  ; 2                  ;
; PowerPlay Power Optimization                                               ; Normal compilation ; Normal compilation ;
; HDL message level                                                          ; Level2             ; Level2             ;
; Suppress Register Optimization Related Messages                            ; Off                ; Off                ;
; Number of Removed Registers Reported in Synthesis Report                   ; 5000               ; 5000               ;
; Number of Swept Nodes Reported in Synthesis Report                         ; 5000               ; 5000               ;
; Number of Inverted Registers Reported in Synthesis Report                  ; 100                ; 100                ;
; Clock MUX Protection                                                       ; On                 ; On                 ;
; Auto Gated Clock Conversion                                                ; Off                ; Off                ;
; Block Design Naming                                                        ; Auto               ; Auto               ;
; SDC constraint protection                                                  ; Off                ; Off                ;
; Synthesis Effort                                                           ; Auto               ; Auto               ;
; Shift Register Replacement - Allow Asynchronous Clear Signal               ; On                 ; On                 ;
; Pre-Mapping Resynthesis Optimization                                       ; Off                ; Off                ;
; Analysis & Synthesis Message Level                                         ; Medium             ; Medium             ;
; Disable Register Merging Across Hierarchies                                ; Auto               ; Auto               ;
; Resource Aware Inference For Block RAM                                     ; On                 ; On                 ;
; Synthesis Seed                                                             ; 1                  ; 1                  ;
+----------------------------------------------------------------------------+--------------------+--------------------+


+------------------------------------------+
; Parallel Compilation                     ;
+----------------------------+-------------+
; Processors                 ; Number      ;
+----------------------------+-------------+
; Number detected on machine ; 8           ;
; Maximum allowed            ; 4           ;
;                            ;             ;
; Average used               ; 1.00        ;
; Maximum used               ; 2           ;
;                            ;             ;
; Usage by Processor         ; % Time Used ;
;     Processor 1            ; 100.0%      ;
;     Processor 2            ; < 0.1%      ;
;     Processors 3-8         ;   0.0%      ;
+----------------------------+-------------+


+-----------------------------------------------------------------------------------------------------------------------------------------------+
; Analysis & Synthesis Source Files Read                                                                                                        ;
+--------------------------------------------+-----------------+-----------------+----------------------------------------------------+---------+
; File Name with User-Entered Path           ; Used in Netlist ; File Type       ; File Name with Absolute Path                       ; Library ;
+--------------------------------------------+-----------------+-----------------+----------------------------------------------------+---------+
; ../divisorfrec/divisorfrec.vhd             ; yes             ; User VHDL File  ; D:/Quartus/divisorfrec/divisorfrec.vhd             ;         ;
; ../temporizador_open/temporizador_open.vhd ; yes             ; User VHDL File  ; D:/Quartus/temporizador_open/temporizador_open.vhd ;         ;
; ../contador_intentos/contador_intentos.vhd ; yes             ; User VHDL File  ; D:/Quartus/contador_intentos/contador_intentos.vhd ;         ;
; ../estado_sist/estado_sist.vhd             ; yes             ; User VHDL File  ; D:/Quartus/estado_sist/estado_sist.vhd             ;         ;
; ../control_estado/control_estado.vhd       ; yes             ; User VHDL File  ; D:/Quartus/control_estado/control_estado.vhd       ;         ;
; ../validacion/validacion.vhd               ; yes             ; User VHDL File  ; D:/Quartus/validacion/validacion.vhd               ;         ;
; ../count18O/count18O.vhd                   ; yes             ; User VHDL File  ; D:/Quartus/count18O/count18O.vhd                   ;         ;
; ../shift_register/shift_register.vhd       ; yes             ; User VHDL File  ; D:/Quartus/shift_register/shift_register.vhd       ;         ;
; top_cerradura.vhd                          ; yes             ; User VHDL File  ; D:/Quartus/top_cerradura/top_cerradura.vhd         ;         ;
+--------------------------------------------+-----------------+-----------------+----------------------------------------------------+---------+


+-----------------------------------------------------------+
; Analysis & Synthesis Resource Usage Summary               ;
+---------------------------------------------+-------------+
; Resource                                    ; Usage       ;
+---------------------------------------------+-------------+
; Estimated Total logic elements              ; 143         ;
;                                             ;             ;
; Total combinational functions               ; 127         ;
; Logic element usage by number of LUT inputs ;             ;
;     -- 4 input functions                    ; 57          ;
;     -- 3 input functions                    ; 11          ;
;     -- <=2 input functions                  ; 59          ;
;                                             ;             ;
; Logic elements by mode                      ;             ;
;     -- normal mode                          ; 89          ;
;     -- arithmetic mode                      ; 38          ;
;                                             ;             ;
; Total registers                             ; 56          ;
;     -- Dedicated logic registers            ; 56          ;
;     -- I/O registers                        ; 0           ;
;                                             ;             ;
; I/O pins                                    ; 45          ;
; Embedded Multiplier 9-bit elements          ; 0           ;
; Maximum fan-out node                        ; Reset~input ;
; Maximum fan-out                             ; 56          ;
; Total fan-out                               ; 619         ;
; Average fan-out                             ; 2.27        ;
+---------------------------------------------+-------------+


+---------------------------------------------------------------------------------------------------------------------------------------------------------------------------------------------+
; Analysis & Synthesis Resource Utilization by Entity                                                                                                                                         ;
+----------------------------+-------------------+--------------+-------------+--------------+---------+-----------+------+--------------+-------------------------------------+--------------+
; Compilation Hierarchy Node ; LC Combinationals ; LC Registers ; Memory Bits ; DSP Elements ; DSP 9x9 ; DSP 18x18 ; Pins ; Virtual Pins ; Full Hierarchy Name                 ; Library Name ;
+----------------------------+-------------------+--------------+-------------+--------------+---------+-----------+------+--------------+-------------------------------------+--------------+
; |top_cerradura             ; 127 (0)           ; 56 (0)       ; 0           ; 0            ; 0       ; 0         ; 45   ; 0            ; |top_cerradura                      ; work         ;
;    |contador_intentos:U5|  ; 5 (5)             ; 2 (2)        ; 0           ; 0            ; 0       ; 0         ; 0    ; 0            ; |top_cerradura|contador_intentos:U5 ; work         ;
;    |control_estado:U7|     ; 1 (1)             ; 0 (0)        ; 0           ; 0            ; 0       ; 0         ; 0    ; 0            ; |top_cerradura|control_estado:U7    ; work         ;
;    |count18O:U3|           ; 30 (30)           ; 8 (8)        ; 0           ; 0            ; 0       ; 0         ; 0    ; 0            ; |top_cerradura|count18O:U3          ; work         ;
;    |divisorfrec:U2|        ; 46 (46)           ; 26 (26)      ; 0           ; 0            ; 0       ; 0         ; 0    ; 0            ; |top_cerradura|divisorfrec:U2       ; work         ;
;    |estado_sist:U8|        ; 6 (6)             ; 0 (0)        ; 0           ; 0            ; 0       ; 0         ; 0    ; 0            ; |top_cerradura|estado_sist:U8       ; work         ;
;    |shift_register:U1|     ; 0 (0)             ; 16 (16)      ; 0           ; 0            ; 0       ; 0         ; 0    ; 0            ; |top_cerradura|shift_register:U1    ; work         ;
;    |temporizador_open:U6|  ; 7 (7)             ; 4 (4)        ; 0           ; 0            ; 0       ; 0         ; 0    ; 0            ; |top_cerradura|temporizador_open:U6 ; work         ;
;    |validacion:U4|         ; 32 (32)           ; 0 (0)        ; 0           ; 0            ; 0       ; 0         ; 0    ; 0            ; |top_cerradura|validacion:U4        ; work         ;
+----------------------------+-------------------+--------------+-------------+--------------+---------+-----------+------+--------------+-------------------------------------+--------------+
Note: For table entries with two numbers listed, the numbers in parentheses indicate the number of resources of the given type used by the specific entity alone. The numbers listed outside of parentheses indicate the total resources of the given type used by the specific entity and all of its sub-entities in the hierarchy.


+------------------------------------------------------+
; General Register Statistics                          ;
+----------------------------------------------+-------+
; Statistic                                    ; Value ;
+----------------------------------------------+-------+
; Total registers                              ; 56    ;
; Number of registers using Synchronous Clear  ; 0     ;
; Number of registers using Synchronous Load   ; 0     ;
; Number of registers using Asynchronous Clear ; 56    ;
; Number of registers using Asynchronous Load  ; 0     ;
; Number of registers using Clock Enable       ; 3     ;
; Number of registers using Preset             ; 0     ;
+----------------------------------------------+-------+


+---------------------------------------------------------------------------------------------------------------------------------------------------------------+
; Multiplexer Restructuring Statistics (Restructuring Performed)                                                                                                ;
+--------------------+-----------+---------------+----------------------+------------------------+------------+-------------------------------------------------+
; Multiplexer Inputs ; Bus Width ; Baseline Area ; Area if Restructured ; Saving if Restructured ; Registered ; Example Multiplexer Output                      ;
+--------------------+-----------+---------------+----------------------+------------------------+------------+-------------------------------------------------+
; 4:1                ; 8 bits    ; 16 LEs        ; 16 LEs               ; 0 LEs                  ; Yes        ; |top_cerradura|count18O:U3|CNT_int[7]           ;
; 4:1                ; 3 bits    ; 6 LEs         ; 6 LEs                ; 0 LEs                  ; Yes        ; |top_cerradura|temporizador_open:U6|contador[2] ;
+--------------------+-----------+---------------+----------------------+------------------------+------------+-------------------------------------------------+


+-------------------------------------------------------------------+
; Parameter Settings for User Entity Instance: temporizador_open:U6 ;
+----------------+-------+------------------------------------------+
; Parameter Name ; Value ; Type                                     ;
+----------------+-------+------------------------------------------+
; duracion       ; 5     ; Signed Integer                           ;
+----------------+-------+------------------------------------------+
Note: In order to hide this table in the UI and the text report file, please set the "Show Parameter Settings in Synthesis Report" option in "Analysis and Synthesis Settings -> More Settings" to "Off".


+----------------------------------------------------------------------------------------------------------------+
; Port Connectivity Checks: "divisorfrec:U2"                                                                     ;
+------+--------+----------+-------------------------------------------------------------------------------------+
; Port ; Type   ; Severity ; Details                                                                             ;
+------+--------+----------+-------------------------------------------------------------------------------------+
; out2 ; Output ; Info     ; Connected to dangling logic. Logic that only feeds a dangling port will be removed. ;
+------+--------+----------+-------------------------------------------------------------------------------------+


+-------------------------------+
; Elapsed Time Per Partition    ;
+----------------+--------------+
; Partition Name ; Elapsed Time ;
+----------------+--------------+
; Top            ; 00:00:00     ;
+----------------+--------------+


+-------------------------------+
; Analysis & Synthesis Messages ;
+-------------------------------+
Info: *******************************************************************
Info: Running Quartus II 64-Bit Analysis & Synthesis
    Info: Version 13.1.0 Build 162 10/23/2013 SJ Web Edition
    Info: Processing started: Mon Apr 06 17:26:10 2026
Info: Command: quartus_map --read_settings_files=on --write_settings_files=off top_cerradura -c top_cerradura
Info (11104): Parallel Compilation has detected 8 hyper-threaded processors. However, the extra hyper-threaded processors will not be used by default. Parallel Compilation will use 4 of the 4 physical processors detected instead.
Info (12021): Found 2 design units, including 1 entities, in source file /quartus/divisorfrec/divisorfrec.vhd
    Info (12022): Found design unit 1: divisorfrec-arch_divfreq
    Info (12023): Found entity 1: divisorfrec
Info (12021): Found 2 design units, including 1 entities, in source file /quartus/temporizador_open/temporizador_open.vhd
    Info (12022): Found design unit 1: temporizador_open-arch_temporizador_open
    Info (12023): Found entity 1: temporizador_open
Info (12021): Found 2 design units, including 1 entities, in source file /quartus/contador_intentos/contador_intentos.vhd
    Info (12022): Found design unit 1: contador_intentos-arch_contador_intentos
    Info (12023): Found entity 1: contador_intentos
Info (12021): Found 2 design units, including 1 entities, in source file /quartus/estado_sist/estado_sist.vhd
    Info (12022): Found design unit 1: estado_sist-arch_estado_sist
    Info (12023): Found entity 1: estado_sist
Info (12021): Found 2 design units, including 1 entities, in source file /quartus/control_estado/control_estado.vhd
    Info (12022): Found design unit 1: control_estado-arch_control_estado
    Info (12023): Found entity 1: control_estado
Info (12021): Found 2 design units, including 1 entities, in source file /quartus/validacion/validacion.vhd
    Info (12022): Found design unit 1: validacion-arch_validacion
    Info (12023): Found entity 1: validacion
Info (12021): Found 2 design units, including 1 entities, in source file /quartus/count18o/count18o.vhd
    Info (12022): Found design unit 1: count18O-arch_count18O
    Info (12023): Found entity 1: count18O
Info (12021): Found 2 design units, including 1 entities, in source file /quartus/shift_register/shift_register.vhd
    Info (12022): Found design unit 1: shift_register-arch_shift_register
    Info (12023): Found entity 1: shift_register
Info (12021): Found 2 design units, including 1 entities, in source file top_cerradura.vhd
    Info (12022): Found design unit 1: top_cerradura-arch_top_cerradura
    Info (12023): Found entity 1: top_cerradura
Info (12127): Elaborating entity "top_cerradura" for the top level hierarchy
Warning (10036): Verilog HDL or VHDL warning at top_cerradura.vhd(146): object "clk_aux_int" assigned a value but never read
Info (12128): Elaborating entity "shift_register" for hierarchy "shift_register:U1"
Info (12128): Elaborating entity "divisorfrec" for hierarchy "divisorfrec:U2"
Info (12128): Elaborating entity "count18O" for hierarchy "count18O:U3"
Info (12128): Elaborating entity "validacion" for hierarchy "validacion:U4"
Info (12128): Elaborating entity "contador_intentos" for hierarchy "contador_intentos:U5"
Info (12128): Elaborating entity "temporizador_open" for hierarchy "temporizador_open:U6"
Info (12128): Elaborating entity "control_estado" for hierarchy "control_estado:U7"
Info (12128): Elaborating entity "estado_sist" for hierarchy "estado_sist:U8"
Warning (13024): Output pins are stuck at VCC or GND
    Warning (13410): Pin "Disp0[6]" is stuck at GND
    Warning (13410): Pin "Disp0[4]" is stuck at GND
    Warning (13410): Pin "Disp0[1]" is stuck at VCC
    Warning (13410): Pin "Disp1[4]" is stuck at GND
    Warning (13410): Pin "Disp1[2]" is stuck at VCC
    Warning (13410): Pin "Disp1[1]" is stuck at VCC
    Warning (13410): Pin "Disp2[6]" is stuck at GND
    Warning (13410): Pin "Disp2[4]" is stuck at GND
    Warning (13410): Pin "Disp3[6]" is stuck at VCC
Info (286030): Timing-Driven Synthesis is running
Info (16010): Generating hard_block partition "hard_block:auto_generated_inst"
    Info (16011): Adding 0 node(s), including 0 DDIO, 0 PLL, 0 transceiver and 0 LCELL
Info (21057): Implemented 188 device resources after synthesis - the final resource count might be different
    Info (21058): Implemented 9 input pins
    Info (21059): Implemented 36 output pins
    Info (21061): Implemented 143 logic cells
Info: Quartus II 64-Bit Analysis & Synthesis was successful. 0 errors, 11 warnings
    Info: Peak virtual memory: 4696 megabytes
    Info: Processing ended: Mon Apr 06 17:26:13 2026
    Info: Elapsed time: 00:00:03
    Info: Total CPU time (on all processors): 00:00:03


